Let's start with a string.
We can use regular
format strings 
and immutable printer
and tags.
Let's start with a string.
We can use regular
format strings 
and immutable printer
and tags.
Let's start with a string.
We can use regular
format strings 
and immutable printer
and tags.

